src/app/router.tsx(11,36): error TS2307: Cannot find module '@/features/auth/Register' or its corresponding type declarations.
src/app/router.tsx(12,42): error TS2307: Cannot find module '@/features/auth/ForgetPassword' or its corresponding type declarations.
src/app/router.tsx(13,41): error TS2307: Cannot find module '@/features/auth/ResetPassword' or its corresponding type declarations.
